Company created: Alpha Corp with abbreviation ALP and market order 1
