Market created with 4 companies
Company 1: Alpha Corp with abbreviation ALP and market order 1
Company 2: Beta Inc with abbreviation BET and market order 2
Company 3: Gamma Co with abbreviation GAM and market order 3
Company 4: Delta Inc with abbreviation DEL and market order 4
