Population created with 10 people
Person 1: Alice
Person 2: Bob
Person 3: Charlie
Person 4: Diana
Person 5: Eve
Person 6: Frank
Person 7: George
Person 8: Hannah
Person 9: Ivy
Person 10: Jack
