Company created: Alpha Corp with abbreviation ALP and market order 1
Company created: Beta Inc with abbreviation BET and market order 2
