Population created with 5 people
Person 1: Alice
Person 2: Bob
Person 3: Charlie
Person 4: Diana
Person 5: Eve
