Market created with 5 companies
Company 1: Alpha Corp with abbreviation ALP and market order 1
Company 2: Beta Inc with abbreviation BET and market order 2
Company 3: Gamma Co with abbreviation GAM and market order 3
Company 4: Delta Ltd with abbreviation DEL and market order 4
Company 5: Epsilon LLC with abbreviation EPS and market order 5
Company: Alpha Corp (ALP)
	Buy Requests:
		Alice wants 50 @ 49.00
		Kathy wants 40 @ 49.00
		Frank wants 30 @ 49.00
		Alice wants 20 @ 49.00
		Kathy wants 10 @ 49.00
	Sell Requests:
		Bob sells 49 @ 50.00
		Liam sells 39 @ 50.00
		George sells 29 @ 50.00
		Bob sells 19 @ 50.00
		Liam sells 9 @ 50.00
Company: Beta Inc (BET)
	Buy Requests:
		Charlie wants 48 @ 49.00
		Mia wants 38 @ 49.00
		Hannah wants 28 @ 49.00
		Charlie wants 18 @ 49.00
		Mia wants 8 @ 49.00
	Sell Requests:
		Diana sells 47 @ 50.00
		Noah sells 37 @ 50.00
		Ivy sells 27 @ 50.00
		Diana sells 17 @ 50.00
		Noah sells 7 @ 50.00
Company: Gamma Co (GAM)
	Buy Requests:
		Eve wants 46 @ 49.00
		Olivia wants 36 @ 49.00
		Jack wants 26 @ 49.00
		Eve wants 16 @ 49.00
		Olivia wants 6 @ 49.00
	Sell Requests:
		Frank sells 45 @ 50.00
		Alice sells 35 @ 50.00
		Kathy sells 25 @ 50.00
		Frank sells 15 @ 50.00
		Alice sells 5 @ 50.00
Company: Delta Ltd (DEL)
	Buy Requests:
		George wants 44 @ 49.00
		Bob wants 34 @ 49.00
		Liam wants 24 @ 49.00
		George wants 14 @ 49.00
		Bob wants 4 @ 49.00
	Sell Requests:
		Hannah sells 43 @ 50.00
		Charlie sells 33 @ 50.00
		Mia sells 23 @ 50.00
		Hannah sells 13 @ 50.00
		Charlie sells 3 @ 50.00
Company: Epsilon LLC (EPS)
	Buy Requests:
		Ivy wants 42 @ 49.00
		Diana wants 32 @ 49.00
		Noah wants 22 @ 49.00
		Ivy wants 12 @ 49.00
		Diana wants 2 @ 49.00
	Sell Requests:
		Jack sells 41 @ 50.00
		Eve sells 31 @ 50.00
		Olivia sells 21 @ 50.00
		Jack sells 11 @ 50.00
		Eve sells 1 @ 50.00
